python : Traceback (most recent call last):
At line:1 char:1
+ python test_messages_real.py 2>&1 | Tee-Object -FilePath test_output. ...
+ ~~~~~~~~~~~~~~~~~~~~~~~~~~~~~~~~~
    + CategoryInfo          : NotSpecified: (Traceback (most recent call last)::S 
   tring) [], RemoteException
    + FullyQualifiedErrorId : NativeCommandError
 
  File "C:\Users\mayoj\OneDrive\Documents\Gym-Bot\gym-bot\gym-bot-modular\test_mes
sages_real.py", line 69, in <module>
    success = test_real_messages()
  File "C:\Users\mayoj\OneDrive\Documents\Gym-Bot\gym-bot\gym-bot-modular\test_mes
sages_real.py", line 14, in test_real_messages
    print("\U0001f504 Testing updated ClubOS messaging client...")
    ~~~~~^^^^^^^^^^^^^^^^^^^^^^^^^^^^^^^^^^^^^^^^^^^^^^^^^
  File 
"C:\Users\mayoj\AppData\Local\Programs\Python\Python313\Lib\encodings\cp1252.py", 
line 19, in encode
    return codecs.charmap_encode(input,self.errors,encoding_table)[0]
           ~~~~~~~~~~~~~~~~~~~~~^^^^^^^^^^^^^^^^^^^^^^^^^^^^^^^^^^
UnicodeEncodeError: 'charmap' codec can't encode character '\U0001f504' in 
position 0: character maps to <undefined>
